[2025-12-11 06:52:44,956] INFO [BrokerServer id=0] Waiting for the broker to be unfenced (kafka.server.BrokerServer)
[2025-12-11 06:52:44,985] INFO [BrokerLifecycleManager id=0] The broker has been unfenced. Transitioning from RECOVERY to RUNNING. (kafka.server.BrokerLifecycleManager)
[2025-12-11 06:52:44,985] INFO [BrokerServer id=0] Finished waiting for the broker to be unfenced (kafka.server.BrokerServer)
[2025-12-11 06:52:44,986] INFO authorizerStart completed for endpoint EXTERNAL. Endpoint is now READY. (org.apache.kafka.server.network.EndpointReadyFutures)
[2025-12-11 06:52:44,986] INFO authorizerStart completed for endpoint PLAINTEXT. Endpoint is now READY. (org.apache.kafka.server.network.EndpointReadyFutures)
[2025-12-11 06:52:44,991] INFO [BrokerServer id=0] Waiting for all of the authorizer futures to be completed (kafka.server.BrokerServer)
[2025-12-11 06:52:44,992] INFO [BrokerServer id=0] Finished waiting for all of the authorizer futures to be completed (kafka.server.BrokerServer)
[2025-12-11 06:52:44,992] INFO [BrokerServer id=0] Waiting for all of the SocketServer Acceptors to be started (kafka.server.BrokerServer)
[2025-12-11 06:52:44,992] INFO [BrokerServer id=0] Finished waiting for all of the SocketServer Acceptors to be started (kafka.server.BrokerServer)
[2025-12-11 06:52:44,992] INFO [BrokerServer id=0] Transition from STARTING to STARTED (kafka.server.BrokerServer)
[2025-12-11 06:52:44,994] INFO [KafkaRaftServer nodeId=0] Kafka Server started (kafka.server.KafkaRaftServer)
